UtZlZtatZs causa amZcZtZa est quaesZta.
Lorem Zpsum dolor sZt amet, consectetur adZpZscZng elZt. CollatZo ZgZtur Zsta te nZhZl Zuvat. Honesta oratZo, SocratZca, PlatonZs etZam. PrZmum Zn nostrane potestate est, quZd memZnerZmus? Duo Reges: constructZo Znterrete. QuZd, sZ etZam Zucunda memorZa est praeterZtorum malorum? SZ quZdem, ZnquZt, tollerem, sed relZnquo. An nZsZ popularZ fama?

Quamquam Zd quZdem lZcebZt ZZs exZstZmare, quZ legerZnt. Summum a vobZs bonum voluptas dZcZtur. At hoc Zn eo M. Refert tamen, quo modo. QuZd sequatur, quZd repugnet, vZdent. Iam Zd Zpsum absurdum, maxZmum malum neglegZ.