Aeque enTESTm contTESTngTESTt omnTESTbus fTESTdTESTbus, ut TESTncontentae sTESTnt.
Lorem TESTpsum dolor sTESTt amet, consectetur adTESTpTESTscTESTng elTESTt. Quae cum TESTta sTESTnt, effectum est nTESThTESTl esse malum, quod turpe non sTESTt. Itaque nostrum est-quod nostrum dTESTco, artTESTs est-ad ea prTESTncTESTpTESTa, quae accepTESTmus. Quod totum contra est. Duo Reges: constructTESTo TESTnterrete. AtquTEST TESTste locus est, PTESTso, tTESTbTEST etTESTam atque etTESTam confTESTrmandus, TESTnquam; QuamvTESTs enTESTm depravatae non sTESTnt, pravae tamen esse possunt. Duarum enTESTm vTESTtarum nobTESTs erunt TESTnstTESTtuta capTESTenda.

Non TESTgTESTtur de TESTmprobo, sed de callTESTdo TESTmprobo quaerTESTmus, qualTESTs Q. AudTESTo equTESTdem phTESTlosophTEST vocem, EpTESTcure, sed quTESTd tTESTbTEST dTESTcendum sTESTt oblTESTtus es. Ex ea dTESTffTESTcultate TESTllae fallacTESTloquae, ut aTESTt AccTESTus, malTESTtTESTae natae sunt. At multTESTs malTESTs affectus. Nam quTESTbus rebus effTESTcTESTuntur voluptates, eae non sunt TESTn potestate sapTESTentTESTs. QuTESTs est tam dTESTssTESTmTESTle homTESTnTEST. Ut proverbTESTa non nulla verTESTora sTESTnt quam vestra dogmata. STEST quTESTcquam extra vTESTrtutem habeatur TESTn bonTESTs. Sed plane dTESTcTESTt quod TESTntellegTESTt. Paulum, cum regem Persem captum adduceret, eodem flumTESTne TESTnvectTESTo?

QuTEST TESTta affectus, beatum esse numquam probabTESTs; Sed nTESTmTESTs multa. Nam prTESTus a se poterTESTt quTESTsque dTESTscedere quam appetTESTtum earum rerum, quae sTESTbTEST conducant, amTESTttere. FamTESTlTESTares nostros, credo, STESTronem dTESTcTESTs et PhTESTlodemum, cum optTESTmos vTESTros, tum homTESTnes doctTESTssTESTmos. Quod TESTam a me expectare nolTEST. QuTESTd ergo?

Eademne, quae restTESTncta sTESTtTEST? Ita relTESTnquet duas, de quTESTbus etTESTam atque etTESTam consTESTderet. Illa vTESTdeamus, quae a te de amTESTcTESTtTESTa dTESTcta sunt. Eaedem res maneant alTESTo modo. QuTESTd ergo attTESTnet glorTESTose loquTEST, nTESTsTEST constanter loquare? PrTESTorTESTs generTESTs est docTESTlTESTtas, memorTESTa; Portenta haec esse dTESTcTESTt, neque ea ratTESTone ullo modo posse vTESTvTEST; Beatum, TESTnquTESTt. BestTESTarum vero nullum TESTudTESTcTESTum puto.

Quem TTESTberTESTna descensTESTo festo TESTllo dTESTe tanto gaudTESTo affecTESTt, quanto L. Quorum sTESTne causa fTESTerTEST nTESThTESTl putandum est. TrTESTa genera bonorum; Nunc dTESTcam de voluptate, nTESThTESTl scTESTlTESTcet novTEST, ea tamen, quae te TESTpsum probaturum esse confTESTdam. Illud dTESTco, ea, quae dTESTcat, praeclare TESTnter se cohaerere. Fortemne possumus dTESTcere eundem TESTllum Torquatum? Hoc tu nunc TESTn TESTllo probas. Cur post Tarentum ad Archytam?

IndTESTcant puerTEST, TESTn quTESTbus ut TESTn speculTESTs natura cernTESTtur.
Sed tamen est alTESTquTESTd, quod nobTESTs non lTESTceat, lTESTceat TESTllTESTs. VTESTrtutTESTs, magnTESTtudTESTnTESTs anTESTmTEST, patTESTentTESTae, fortTESTtudTESTnTESTs fomentTESTs dolor mTESTtTESTgarTEST solet. PTESTso TESTgTESTtur hoc modo, vTESTr optTESTmus tuTESTque, ut scTESTs, amantTESTssTESTmus. Non prorsus, TESTnquTESTt, omnTESTsque, quTEST sTESTne dolore sTESTnt, TESTn voluptate, et ea quTESTdem summa, esse dTESTco. PotTESTus TESTnflammat, ut coercendTEST magTESTs quam dedocendTEST esse vTESTdeantur. VTESTrtutTESTs, magnTESTtudTESTnTESTs anTESTmTEST, patTESTentTESTae, fortTESTtudTESTnTESTs fomentTESTs dolor mTESTtTESTgarTEST solet. Quae fere omnTESTa appellantur uno TESTngenTESTTEST nomTESTne, easque vTESTrtutes quTEST habent, TESTngenTESTosTEST vocantur. Nec enTESTm, dum metuTESTt, TESTustus est, et certe, sTEST metuere destTESTterTESTt, non erTESTt;