Utilitatiscausaamicitiaestquaesita.
Loremipsumdolorsitamet,consecteturadipiscingelit.Collatioigituristatenihiliuvat.Honestaoratio,Socratica,Platonisetiam.Primuminnostranepotestateest,quidmeminerimus?DuoReges:constructiointerrete.Quid,sietiamiucundamemoriaestpraeteritorummalorum?Siquidem,inquit,tollerem,sedrelinquo.Annisipopularifama?

Quamquamidquidemlicebitiisexistimare,quilegerint.Summumavobisbonumvoluptasdicitur.AthocineoM.Referttamen,quomodo.Quidsequatur,quidrepugnet,vident.Iamidipsumabsurdum,maximummalumneglegi.